================================================================================
[2026-10-01T16:17:12.349Z] AI-Ley Extension Session Started
[2026-10-01T16:17:12.349Z] Workspace: c:\Users\cfree\OneDrive\Desktop\alphaP
[2026-10-01T16:17:12.349Z] Log File: c:\Users\cfree\OneDrive\Desktop\alphaP\ai-ley.log
================================================================================
[2026-10-01T16:17:12.351Z] Logging initialized successfully
[2026-10-01T16:17:12.351Z] 
================================================================================
[2026-10-01T16:17:12.351Z] Processing workspace: c:\Users\cfree\OneDrive\Desktop\alphaP
[2026-10-01T16:17:12.352Z] Project name: alphaP
[2026-10-01T16:17:12.352Z] Configuration - Cache Directory: .cache/ai-ley
[2026-10-01T16:17:12.352Z] Configuration - Auto-init New Projects: false
[2026-10-01T16:17:12.353Z] Configuration - Auto-init Existing Projects: false
[2026-10-01T16:17:12.353Z] Configuration - Project Pattern: .*
[2026-10-01T16:17:13.120Z] Is parent ai-ley repository: false
[2026-10-01T16:17:13.120Z] === shouldAutoInitialize START ===
[2026-10-01T16:17:13.120Z] Workspace: c:\Users\cfree\OneDrive\Desktop\alphaP
[2026-10-01T16:17:13.121Z] Project Name: alphaP
[2026-10-01T16:17:13.121Z] Cache directory check: c:\Users\cfree\OneDrive\Desktop\alphaP\.cache\ai-ley - Exists: true
[2026-10-01T16:17:13.122Z] Is Initialized (.ai-ley exists): true
[2026-10-01T16:17:13.122Z] Has Cache: true
[2026-10-01T16:17:13.122Z] Auto-init for existing projects: false
[2026-10-01T16:17:13.123Z] ✗ SHOULD NOT INITIALIZE: Existing project but auto-init disabled
[2026-10-01T16:17:13.123Z] === shouldAutoInitialize END ===
[2026-10-01T16:17:13.123Z] Should auto-initialize: false
[2026-10-01T16:17:13.124Z] === initializeManagers START ===
[2026-10-01T16:17:13.124Z] Force initial sync: false
[2026-10-01T16:17:13.125Z] Repository URL: https://github.com/armoin2018/ai-ley.git
[2026-10-01T16:17:13.126Z] Repository Branch: main
[2026-10-01T16:17:13.127Z] Cache Directory (configured): .cache/ai-ley
[2026-10-01T16:17:13.127Z] Cache Path (resolved): c:\Users\cfree\OneDrive\Desktop\alphaP\.cache\ai-ley
[2026-10-01T16:17:13.127Z] Cache exists: true
[2026-10-01T16:17:13.129Z] Managers initialized
[2026-10-01T16:17:13.131Z] Update scheduler started
[2026-10-01T16:17:13.131Z] === initializeManagers END ===
[2026-10-01T16:17:13.132Z] AI-Ley managers initialized successfully
[2026-10-01T16:17:13.132Z] Performing immediate cache check on activation
[2026-10-01T16:17:13.133Z] 
Checking workspace: c:\Users\cfree\OneDrive\Desktop\alphaP
[2026-10-01T16:17:13.134Z] Project Name: alphaP
[2026-10-01T16:17:13.301Z] Is parent repository: false
[2026-10-01T16:17:13.301Z] Auto-init for existing projects: false
[2026-10-01T16:17:13.302Z] Auto-init for existing projects is disabled
[2026-10-01T16:17:13.302Z] Finished processing workspace: c:\Users\cfree\OneDrive\Desktop\alphaP
